Scanning 355 packages and their dependencies (pass --verbose for more information)
