Scanning 159 packages and their dependencies (pass --verbose for more information)
