warning: failed to clone `https://hg.mozilla.org/mozilla-central/file/tip/testing/mozbase/rust/mozrunner`
